###############################################################################
#                                                                             #
# IAR ANSI C/C++ Compiler V6.40.1.53790/W32 for ARM     23/Jul/2014  00:11:45 #
# Copyright 1999-2012 IAR Systems AB.                                         #
#                                                                             #
#    Cpu mode     =  thumb                                                    #
#    Endian       =  little                                                   #
#    Source file  =  D:\robot\project\robot_car_com\app\led.c                 #
#    Command line =  D:\robot\project\robot_car_com\app\led.c -D IAR -D       #
#                    LPLD_K60 -lCN D:\robot\project\robot_car_com\iar\FLASH\L #
#                    ist\ -lB D:\robot\project\robot_car_com\iar\FLASH\List\  #
#                    -o D:\robot\project\robot_car_com\iar\FLASH\Obj\         #
#                    --no_cse --no_unroll --no_inline --no_code_motion        #
#                    --no_tbaa --no_clustering --no_scheduling --debug        #
#                    --endian=little --cpu=Cortex-M4 -e --fpu=None            #
#                    --dlib_config D:\IAR\arm\INC\c\DLib_Config_Normal.h -I   #
#                    D:\robot\project\robot_car_com\iar\..\app\ -I            #
#                    D:\robot\project\robot_car_com\iar\..\..\..\lib\common\  #
#                    -I D:\robot\project\robot_car_com\iar\..\..\..\lib\cpu\  #
#                    -I D:\robot\project\robot_car_com\iar\..\..\..\lib\cpu\h #
#                    eaders\ -I D:\robot\project\robot_car_com\iar\..\..\..\l #
#                    ib\drivers\adc16\ -I D:\robot\project\robot_car_com\iar\ #
#                    ..\..\..\lib\drivers\enet\ -I                            #
#                    D:\robot\project\robot_car_com\iar\..\..\..\lib\drivers\ #
#                    lptmr\ -I D:\robot\project\robot_car_com\iar\..\..\..\li #
#                    b\drivers\mcg\ -I D:\robot\project\robot_car_com\iar\..\ #
#                    ..\..\lib\drivers\pmc\ -I D:\robot\project\robot_car_com #
#                    \iar\..\..\..\lib\drivers\rtc\ -I                        #
#                    D:\robot\project\robot_car_com\iar\..\..\..\lib\drivers\ #
#                    uart\ -I D:\robot\project\robot_car_com\iar\..\..\..\lib #
#                    \drivers\wdog\ -I D:\robot\project\robot_car_com\iar\..\ #
#                    ..\..\lib\platforms\ -I D:\robot\project\robot_car_com\i #
#                    ar\..\..\..\lib\LPLD\ -I D:\robot\project\robot_car_com\ #
#                    iar\..\..\..\lib\LPLD\FatFs\ -I                          #
#                    D:\robot\project\robot_car_com\iar\..\..\..\lib\LPLD\USB #
#                    \ -I D:\robot\project\robot_car_com\iar\..\..\..\lib\iar #
#                    _config_files\ -Ol                                       #
#    List file    =  D:\robot\project\robot_car_com\iar\FLASH\List\led.lst    #
#    Object file  =  D:\robot\project\robot_car_com\iar\FLASH\Obj\led.o       #
#                                                                             #
#                                                                             #
###############################################################################

D:\robot\project\robot_car_com\app\led.c
      1          #include "led.h"
      2          #include "common.h"
      3          #include "HAL_GPIO.h"
      4          

   \                                 In section .text, align 2, keep-with-next
      5          void led_init()
      6          {
   \                     led_init:
   \   00000000   0xB580             PUSH     {R7,LR}
      7          	LPLD_GPIO_Init(PTA, 15, DIR_OUTPUT, OUTPUT_L, IRQC_DIS);
   \   00000002   0x2000             MOVS     R0,#+0
   \   00000004   0x9000             STR      R0,[SP, #+0]
   \   00000006   0x2300             MOVS     R3,#+0
   \   00000008   0x2201             MOVS     R2,#+1
   \   0000000A   0x210F             MOVS     R1,#+15
   \   0000000C   0x2000             MOVS     R0,#+0
   \   0000000E   0x.... 0x....      BL       LPLD_GPIO_Init
      8          }
   \   00000012   0xBD01             POP      {R0,PC}          ;; return
      9          

   \                                 In section .text, align 2, keep-with-next
     10          void led_twinkle() //100ms中断，系统板闪灯
     11          {
   \                     led_twinkle:
   \   00000000   0xB580             PUSH     {R7,LR}
     12            LPLD_GPIO_Toggle_b(PTA, 15);
   \   00000002   0x210F             MOVS     R1,#+15
   \   00000004   0x2000             MOVS     R0,#+0
   \   00000006   0x.... 0x....      BL       LPLD_GPIO_Toggle_b
     13          }
   \   0000000A   0xBD01             POP      {R0,PC}          ;; return

   Maximum stack usage in bytes:

   .cstack Function
   ------- --------
        8  led_init
             8 -> LPLD_GPIO_Init
        8  led_twinkle
             8 -> LPLD_GPIO_Toggle_b


   Section sizes:

   Bytes  Function/Label
   -----  --------------
      20  led_init
      12  led_twinkle

 
 32 bytes in section .text
 
 32 bytes of CODE memory

Errors: none
Warnings: none
