###############################################################################
#                                                                             #
# IAR ELF Linker V6.40.1.53790/W32 for ARM              30/Jul/2014  17:27:15 #
# Copyright 2007-2012 IAR Systems AB.                                         #
#                                                                             #
#    Output file  =  C:\Users\hp\Desktop\安防机器人大赛\程序工程\robot\projec #
#                    t\robot_car_com\iar\FLASH\Exe\LPLD_Template_K60.out      #
#    Map file     =  C:\Users\hp\Desktop\安防机器人大赛\程序工程\robot\projec #
#                    t\robot_car_com\iar\FLASH\List\LPLD_Template_K60.map     #
#    Command line =  C:\Users\hp\Desktop\安防机器人大赛\程序工程\robot\projec #
#                    t\robot_car_com\iar\FLASH\Obj\FML_DiskIO.o               #
#                    C:\Users\hp\Desktop\安防机器人大赛\程序工程\robot\projec #
#                    t\robot_car_com\iar\FLASH\Obj\HAL_ADC.o                  #
#                    C:\Users\hp\Desktop\安防机器人大赛\程序工程\robot\projec #
#                    t\robot_car_com\iar\FLASH\Obj\HAL_CAN.o                  #
#                    C:\Users\hp\Desktop\安防机器人大赛\程序工程\robot\projec #
#                    t\robot_car_com\iar\FLASH\Obj\HAL_DAC.o                  #
#                    C:\Users\hp\Desktop\安防机器人大赛\程序工程\robot\projec #
#                    t\robot_car_com\iar\FLASH\Obj\HAL_ENET.o                 #
#                    C:\Users\hp\Desktop\安防机器人大赛\程序工程\robot\projec #
#                    t\robot_car_com\iar\FLASH\Obj\HAL_FTM.o                  #
#                    C:\Users\hp\Desktop\安防机器人大赛\程序工程\robot\projec #
#                    t\robot_car_com\iar\FLASH\Obj\HAL_GPIO.o                 #
#                    C:\Users\hp\Desktop\安防机器人大赛\程序工程\robot\projec #
#                    t\robot_car_com\iar\FLASH\Obj\HAL_I2C.o                  #
#                    C:\Users\hp\Desktop\安防机器人大赛\程序工程\robot\projec #
#                    t\robot_car_com\iar\FLASH\Obj\HAL_LPTMR.o                #
#                    C:\Users\hp\Desktop\安防机器人大赛\程序工程\robot\projec #
#                    t\robot_car_com\iar\FLASH\Obj\HAL_MCG.o                  #
#                    C:\Users\hp\Desktop\安防机器人大赛\程序工程\robot\projec #
#                    t\robot_car_com\iar\FLASH\Obj\HAL_PDB.o                  #
#                    C:\Users\hp\Desktop\安防机器人大赛\程序工程\robot\projec #
#                    t\robot_car_com\iar\FLASH\Obj\HAL_PIT.o                  #
#                    C:\Users\hp\Desktop\安防机器人大赛\程序工程\robot\projec #
#                    t\robot_car_com\iar\FLASH\Obj\HAL_RTC.o                  #
#                    C:\Users\hp\Desktop\安防机器人大赛\程序工程\robot\projec #
#                    t\robot_car_com\iar\FLASH\Obj\HAL_SDHC.o                 #
#                    C:\Users\hp\Desktop\安防机器人大赛\程序工程\robot\projec #
#                    t\robot_car_com\iar\FLASH\Obj\HAL_SPI.o                  #
#                    C:\Users\hp\Desktop\安防机器人大赛\程序工程\robot\projec #
#                    t\robot_car_com\iar\FLASH\Obj\HAL_UART.o                 #
#                    C:\Users\hp\Desktop\安防机器人大赛\程序工程\robot\projec #
#                    t\robot_car_com\iar\FLASH\Obj\HAL_USB_Device.o           #
#                    C:\Users\hp\Desktop\安防机器人大赛\程序工程\robot\projec #
#                    t\robot_car_com\iar\FLASH\Obj\HAL_eDMA.o                 #
#                    C:\Users\hp\Desktop\安防机器人大赛\程序工程\robot\projec #
#                    t\robot_car_com\iar\FLASH\Obj\LPLD_Template.o            #
#                    C:\Users\hp\Desktop\安防机器人大赛\程序工程\robot\projec #
#                    t\robot_car_com\iar\FLASH\Obj\RingBuffer.o               #
#                    C:\Users\hp\Desktop\安防机器人大赛\程序工程\robot\projec #
#                    t\robot_car_com\iar\FLASH\Obj\USB.o                      #
#                    C:\Users\hp\Desktop\安防机器人大赛\程序工程\robot\projec #
#                    t\robot_car_com\iar\FLASH\Obj\USB_CDC.o                  #
#                    C:\Users\hp\Desktop\安防机器人大赛\程序工程\robot\projec #
#                    t\robot_car_com\iar\FLASH\Obj\adc16.o                    #
#                    C:\Users\hp\Desktop\安防机器人大赛\程序工程\robot\projec #
#                    t\robot_car_com\iar\FLASH\Obj\alloc.o                    #
#                    C:\Users\hp\Desktop\安防机器人大赛\程序工程\robot\projec #
#                    t\robot_car_com\iar\FLASH\Obj\arm_cm4.o                  #
#                    C:\Users\hp\Desktop\安防机器人大赛\程序工程\robot\projec #
#                    t\robot_car_com\iar\FLASH\Obj\assert.o                   #
#                    C:\Users\hp\Desktop\安防机器人大赛\程序工程\robot\projec #
#                    t\robot_car_com\iar\FLASH\Obj\car.o                      #
#                    C:\Users\hp\Desktop\安防机器人大赛\程序工程\robot\projec #
#                    t\robot_car_com\iar\FLASH\Obj\ccsbcs.o                   #
#                    C:\Users\hp\Desktop\安防机器人大赛\程序工程\robot\projec #
#                    t\robot_car_com\iar\FLASH\Obj\config.o                   #
#                    C:\Users\hp\Desktop\安防机器人大赛\程序工程\robot\projec #
#                    t\robot_car_com\iar\FLASH\Obj\control.o                  #
#                    C:\Users\hp\Desktop\安防机器人大赛\程序工程\robot\projec #
#                    t\robot_car_com\iar\FLASH\Obj\crt0.o                     #
#                    C:\Users\hp\Desktop\安防机器人大赛\程序工程\robot\projec #
#                    t\robot_car_com\iar\FLASH\Obj\enet.o                     #
#                    C:\Users\hp\Desktop\安防机器人大赛\程序工程\robot\projec #
#                    t\robot_car_com\iar\FLASH\Obj\eth_phy.o                  #
#                    C:\Users\hp\Desktop\安防机器人大赛\程序工程\robot\projec #
#                    t\robot_car_com\iar\FLASH\Obj\ff.o                       #
#                    C:\Users\hp\Desktop\安防机器人大赛\程序工程\robot\projec #
#                    t\robot_car_com\iar\FLASH\Obj\infrare.o                  #
#                    C:\Users\hp\Desktop\安防机器人大赛\程序工程\robot\projec #
#                    t\robot_car_com\iar\FLASH\Obj\io.o                       #
#                    C:\Users\hp\Desktop\安防机器人大赛\程序工程\robot\projec #
#                    t\robot_car_com\iar\FLASH\Obj\led.o                      #
#                    C:\Users\hp\Desktop\安防机器人大赛\程序工程\robot\projec #
#                    t\robot_car_com\iar\FLASH\Obj\lptmr.o                    #
#                    C:\Users\hp\Desktop\安防机器人大赛\程序工程\robot\projec #
#                    t\robot_car_com\iar\FLASH\Obj\memtest.o                  #
#                    C:\Users\hp\Desktop\安防机器人大赛\程序工程\robot\projec #
#                    t\robot_car_com\iar\FLASH\Obj\mii.o                      #
#                    C:\Users\hp\Desktop\安防机器人大赛\程序工程\robot\projec #
#                    t\robot_car_com\iar\FLASH\Obj\motor.o                    #
#                    C:\Users\hp\Desktop\安防机器人大赛\程序工程\robot\projec #
#                    t\robot_car_com\iar\FLASH\Obj\move.o                     #
#                    C:\Users\hp\Desktop\安防机器人大赛\程序工程\robot\projec #
#                    t\robot_car_com\iar\FLASH\Obj\nbuf.o                     #
#                    C:\Users\hp\Desktop\安防机器人大赛\程序工程\robot\projec #
#                    t\robot_car_com\iar\FLASH\Obj\nothing.o                  #
#                    C:\Users\hp\Desktop\安防机器人大赛\程序工程\robot\projec #
#                    t\robot_car_com\iar\FLASH\Obj\pmc.o                      #
#                    C:\Users\hp\Desktop\安防机器人大赛\程序工程\robot\projec #
#                    t\robot_car_com\iar\FLASH\Obj\printf.o                   #
#                    C:\Users\hp\Desktop\安防机器人大赛\程序工程\robot\projec #
#                    t\robot_car_com\iar\FLASH\Obj\queue.o                    #
#                    C:\Users\hp\Desktop\安防机器人大赛\程序工程\robot\projec #
#                    t\robot_car_com\iar\FLASH\Obj\rtc.o                      #
#                    C:\Users\hp\Desktop\安防机器人大赛\程序工程\robot\projec #
#                    t\robot_car_com\iar\FLASH\Obj\start.o                    #
#                    C:\Users\hp\Desktop\安防机器人大赛\程序工程\robot\projec #
#                    t\robot_car_com\iar\FLASH\Obj\startup.o                  #
#                    C:\Users\hp\Desktop\安防机器人大赛\程序工程\robot\projec #
#                    t\robot_car_com\iar\FLASH\Obj\stdlib.o                   #
#                    C:\Users\hp\Desktop\安防机器人大赛\程序工程\robot\projec #
#                    t\robot_car_com\iar\FLASH\Obj\syscall.o                  #
#                    C:\Users\hp\Desktop\安防机器人大赛\程序工程\robot\projec #
#                    t\robot_car_com\iar\FLASH\Obj\sysinit.o                  #
#                    C:\Users\hp\Desktop\安防机器人大赛\程序工程\robot\projec #
#                    t\robot_car_com\iar\FLASH\Obj\uart.o                     #
#                    C:\Users\hp\Desktop\安防机器人大赛\程序工程\robot\projec #
#                    t\robot_car_com\iar\FLASH\Obj\uif.o                      #
#                    C:\Users\hp\Desktop\安防机器人大赛\程序工程\robot\projec #
#                    t\robot_car_com\iar\FLASH\Obj\util.o                     #
#                    C:\Users\hp\Desktop\安防机器人大赛\程序工程\robot\projec #
#                    t\robot_car_com\iar\FLASH\Obj\vectors.o                  #
#                    C:\Users\hp\Desktop\安防机器人大赛\程序工程\robot\projec #
#                    t\robot_car_com\iar\FLASH\Obj\wdog.o                     #
#                    C:\Users\hp\Desktop\安防机器人大赛\程序工程\robot\projec #
#                    t\robot_car_com\iar\FLASH\Obj\zigbee.o --redirect        #
#                    _Printf=_PrintfFull --redirect _Scanf=_ScanfFull -o      #
#                    C:\Users\hp\Desktop\安防机器人大赛\程序工程\robot\projec #
#                    t\robot_car_com\iar\FLASH\Exe\LPLD_Template_K60.out      #
#                    --map C:\Users\hp\Desktop\安防机器人大赛\程序工程\robot\ #
#                    project\robot_car_com\iar\FLASH\List\LPLD_Template_K60.m #
#                    ap --config D:\robot\lib\iar_config_files\128KB_Pflash_1 #
#                    28KB_Dflash.icf --semihosting --entry                    #
#                    __iar_program_start --vfe                                #
#                                                                             #
#                                                                             #
###############################################################################

*******************************************************************************
*** RUNTIME MODEL ATTRIBUTES
***

CppFlavor       = *
__SystemLibrary = DLib


*******************************************************************************
*** PLACEMENT SUMMARY
***

"A1":  place at 0x00000000 { ro section .intvec };
"A2":  place at 0x00000410 { ro section .noinit };
"P1":  place in [from         0x00000000
                 to           0x00020000
                 repeat       2
                 displacement 0x10000000] { ro, block CodeRelocate };
"P2":  place in [from 0x1fffc410 to 0x20004000] {
          rw, block CodeRelocateRam, block CSTACK, block HEAP };

  Section              Kind        Address    Size  Object
  -------              ----        -------    ----  ------
"A1":                                        0x410
  .intvec              const    0x00000000   0x410  vectors.o [1]
                              - 0x00000410   0x410

"A2":                                         0x3c
  .noinit              ro code  0x00000410    0x3c  crt0.o [1]
                              - 0x0000044c    0x3c

"P1":                                       0x2b24
  .text                ro code  0x0000044c   0x53c  control.o [1]
  .text                ro code  0x00000988    0x44  FltToS32.o [4]
  .text                ro code  0x000009cc    0x2e  I32ToFlt.o [4]
  .text                ro code  0x000009fa    0x22  zero_init3.o [5]
  .text                ro code  0x00000a1c    0xd8  FltMul.o [4]
  .text                ro code  0x00000af4    0x84  FltAdd.o [4]
  .text                ro code  0x00000b78    0xf0  car.o [1]
  .text                ro code  0x00000c68    0x12  util.o [1]
  .text                ro code  0x00000c7c    0xd8  HAL_PIT.o [1]
  .text                ro code  0x00000d54    0xd6  FltSub.o [4]
  .text                ro code  0x00000e2c   0x374  infrare.o [1]
  .text                ro code  0x000011a0    0x94  motor.o [1]
  .text                ro code  0x00001234    0x28  assert.o [1]
  .text                ro code  0x0000125c    0xb8  arm_cm4.o [1]
  .text                ro code  0x00001314   0x158  HAL_GPIO.o [1]
  .text                ro code  0x0000146c   0x20c  HAL_FTM.o [1]
  .text                ro code  0x00001678   0x4ac  printf.o [1]
  .text                ro code  0x00001b24    0x1a  stdlib.o [1]
  .text                ro code  0x00001b40   0x464  start.o [1]
  .text                ro code  0x00001fa4    0x38  wdog.o [1]
  .text                ro code  0x00001fdc    0x9c  startup.o [1]
  .text                ro code  0x00002078    0xdc  sysinit.o [1]
  .text                ro code  0x00002154    0x1e  LPLD_Template.o [1]
  Veneer               ro code  0x00002174     0x8  - Linker created -
  .text                ro code  0x0000217c   0x22c  HAL_MCG.o [1]
  .text                ro code  0x000023a8    0xf2  uart.o [1]
  .text                ro code  0x0000249c   0x340  move.o [1]
  .data_init                    0x000027dc    0xec  <Block>
    Initializer bytes  ro data  0x000027dc    0xec  <for .data-1>
  CodeRelocate                  0x000028c8    0x4c  <Block>
    Initializer bytes  ro data  0x000028c8    0x4c  <for CodeRelocateRam-1>
  .text                ro code  0x00002914    0x48  HAL_UART.o [1]
  .rodata              const    0x0000295c    0x40  start.o [1]
  .rodata              const    0x0000299c    0x38  arm_cm4.o [1]
  .rodata              const    0x000029d4    0x30  vectors.o [1]
  .rodata              const    0x00002a04    0x2c  HAL_GPIO.o [1]
  .rodata              const    0x00002a30    0x2c  control.o [1]
  .rodata              const    0x00002a5c    0x2c  start.o [1]
  .rodata              const    0x00002a88    0x28  HAL_PIT.o [1]
  .rodata              const    0x00002ab0    0x28  start.o [1]
  .rodata              const    0x00002ad8    0x28  start.o [1]
  .text                ro code  0x00002b00    0x28  data_init3.o [5]
  .rodata              const    0x00002b28    0x24  assert.o [1]
  .iar.init_table      const    0x00002b4c    0x10  - Linker created -
  .rodata              const    0x00002b5c    0x20  start.o [1]
  .rodata              const    0x00002b7c    0x20  start.o [1]
  .rodata              const    0x00002b9c    0x20  start.o [1]
  .text                ro code  0x00002bbc    0x20  HAL_LPTMR.o [1]
  .rodata              const    0x00002bdc    0x1c  start.o [1]
  .rodata              const    0x00002bf8    0x1c  start.o [1]
  .rodata              const    0x00002c14    0x1c  start.o [1]
  .rodata              const    0x00002c30    0x18  start.o [1]
  .rodata              const    0x00002c48    0x18  start.o [1]
  .rodata              const    0x00002c60    0x18  start.o [1]
  .rodata              const    0x00002c78    0x18  start.o [1]
  .rodata              const    0x00002c90    0x18  start.o [1]
  .rodata              const    0x00002ca8    0x18  start.o [1]
  .rodata              const    0x00002cc0    0x18  start.o [1]
  .rodata              const    0x00002cd8    0x18  start.o [1]
  .rodata              const    0x00002cf0    0x18  start.o [1]
  .rodata              const    0x00002d08    0x18  start.o [1]
  .text                ro code  0x00002d20    0x18  vectors.o [1]
  .text                ro code  0x00002d38    0x16  cmain.o [5]
  .text                ro code  0x00002d4e     0x4  low_level_init.o [3]
  .text                ro code  0x00002d52     0x4  exit.o [3]
  .text                ro code  0x00002d58     0xa  cexit.o [5]
  .text                ro code  0x00002d64    0x14  exit.o [6]
  .rodata              const    0x00002d78    0x14  start.o [1]
  .rodata              const    0x00002d8c    0x14  start.o [1]
  .rodata              const    0x00002da0    0x14  start.o [1]
  .rodata              const    0x00002db4    0x14  start.o [1]
  .rodata              const    0x00002dc8    0x14  start.o [1]
  .rodata              const    0x00002ddc    0x14  start.o [1]
  .rodata              const    0x00002df0    0x14  start.o [1]
  .rodata              const    0x00002e04    0x14  start.o [1]
  .rodata              const    0x00002e18    0x14  sysinit.o [1]
  .rodata              const    0x00002e2c    0x14  sysinit.o [1]
  .text                ro code  0x00002e40    0x14  io.o [1]
  .rodata              const    0x00002e54    0x10  start.o [1]
  .rodata              const    0x00002e64    0x10  start.o [1]
  .rodata              const    0x00002e74    0x10  start.o [1]
  .rodata              const    0x00002e84    0x10  start.o [1]
  .rodata              const    0x00002e94    0x10  start.o [1]
  .rodata              const    0x00002ea4    0x10  start.o [1]
  .rodata              const    0x00002eb4    0x10  start.o [1]
  .rodata              const    0x00002ec4    0x10  start.o [1]
  .rodata              const    0x00002ed4    0x10  start.o [1]
  .rodata              const    0x00002ee4    0x10  start.o [1]
  .rodata              const    0x00002ef4    0x10  start.o [1]
  .rodata              const    0x00002f04    0x10  start.o [1]
  .rodata              const    0x00002f14    0x10  start.o [1]
  .text                ro code  0x00002f24     0xc  cstartup_M.o [5]
  .rodata              const    0x00002f30     0x8  start.o [1]
  .rodata              const    0x00002f38     0x8  start.o [1]
  .rodata              const    0x00002f40     0x8  start.o [1]
  .rodata              const    0x00002f48     0x8  start.o [1]
  .rodata              const    0x00002f50     0x8  start.o [1]
  .rodata              const    0x00002f58     0x8  start.o [1]
  .rodata              const    0x00002f60     0x8  start.o [1]
  .rodata              const    0x00002f68     0x8  start.o [1]
  .rodata              const    0x00002f70     0x0  zero_init3.o [5]
                              - 0x00002f70  0x2b24

"P2", part 1 of 2:                           0x138
  .data                         0x1fffc410    0xec  <Block>
    .data-1                     0x1fffc410    0xec  <Init block>
      .data            inited   0x1fffc410    0x14  HAL_GPIO.o [1]
      .data            inited   0x1fffc424    0x14  HAL_GPIO.o [1]
      .data            inited   0x1fffc438     0x4  car.o [1]
      .data            inited   0x1fffc43c     0x4  control.o [1]
      .data            inited   0x1fffc440     0x1  control.o [1]
      .data            inited   0x1fffc444     0x4  control.o [1]
      .data            inited   0x1fffc448     0x4  control.o [1]
      .data            inited   0x1fffc44c     0x4  control.o [1]
      .data            inited   0x1fffc450     0x4  move.o [1]
      .data            inited   0x1fffc454     0x4  move.o [1]
      .data            inited   0x1fffc458     0x4  move.o [1]
      .data            inited   0x1fffc45c    0xa0  move.o [1]
  CodeRelocateRam               0x1fffc4fc    0x4c  <Block>
    CodeRelocateRam-1           0x1fffc4fc    0x4c  <Init block>
      .textrw          inited   0x1fffc4fc    0x4c  HAL_MCG.o [1]
                              - 0x1fffc548   0x138

"P2", part 2 of 2:                           0x1ac
  .bss                          0x1fffc548   0x1ac  <Block>
    .bss               zero     0x1fffc548     0x4  HAL_FTM.o [1]
    .bss               zero     0x1fffc54c    0x14  HAL_GPIO.o [1]
    .bss               zero     0x1fffc560     0x4  HAL_LPTMR.o [1]
    .bss               zero     0x1fffc564    0x10  HAL_PIT.o [1]
    .bss               zero     0x1fffc574    0x18  HAL_UART.o [1]
    .bss               zero     0x1fffc58c     0x4  car.o [1]
    .bss               zero     0x1fffc590     0x4  car.o [1]
    .bss               zero     0x1fffc594     0x4  car.o [1]
    .bss               zero     0x1fffc598     0x4  car.o [1]
    .bss               zero     0x1fffc59c     0x4  car.o [1]
    .bss               zero     0x1fffc5a0    0x48  control.o [1]
    .bss               zero     0x1fffc5e8     0x4  control.o [1]
    .bss               zero     0x1fffc5ec     0x4  control.o [1]
    .bss               zero     0x1fffc5f0     0x4  control.o [1]
    .bss               zero     0x1fffc5f4     0x4  control.o [1]
    .bss               zero     0x1fffc5f8     0x4  control.o [1]
    .bss               zero     0x1fffc5fc     0x4  control.o [1]
    .bss               zero     0x1fffc600     0x4  control.o [1]
    .bss               zero     0x1fffc604     0x4  control.o [1]
    .bss               zero     0x1fffc608     0x4  control.o [1]
    .bss               zero     0x1fffc60c     0x4  control.o [1]
    .bss               zero     0x1fffc610     0xc  infrare.o [1]
    .bss               zero     0x1fffc61c     0xc  infrare.o [1]
    .bss               zero     0x1fffc628     0x4  infrare.o [1]
    .bss               zero     0x1fffc62c     0x4  infrare.o [1]
    .bss               zero     0x1fffc630     0x4  motor.o [1]
    .bss               zero     0x1fffc634     0x4  motor.o [1]
    .bss               zero     0x1fffc638     0x4  move.o [1]
    .bss               zero     0x1fffc63c    0xa0  move.o [1]
    .bss               zero     0x1fffc6dc     0x4  move.o [1]
    .bss               zero     0x1fffc6e0     0x4  move.o [1]
    .bss               zero     0x1fffc6e4     0x4  move.o [1]
    .bss               zero     0x1fffc6e8     0x4  sysinit.o [1]
    .bss               zero     0x1fffc6ec     0x4  sysinit.o [1]
    .bss               zero     0x1fffc6f0     0x4  sysinit.o [1]
                              - 0x1fffc6f4   0x1ac


*******************************************************************************
*** INIT TABLE
***

          Address     Size
          -------     ----
Zero (__iar_zero_init3)
    1 destination range, total size 0x1ac:
          0x1fffc548  0x1ac



*******************************************************************************
*** MODULE SUMMARY
***

    Module            ro code  rw code  ro data  rw data
    ------            -------  -------  -------  -------
C:\Users\hp\Desktop\安防机器人大赛\程序工程\robot\project\robot_car_com\iar\FLASH\Obj: [1]
    HAL_FTM.o             524                          4
    HAL_GPIO.o            344                84       60
    HAL_LPTMR.o            32                          4
    HAL_MCG.o             556       76       76
    HAL_PIT.o             216                40       16
    HAL_UART.o             72                         24
    LPLD_Template.o        30
    arm_cm4.o             184                56
    assert.o               40                36
    car.o                 240                 4       24
    control.o           1 340                64      129
    crt0.o                 60
    infrare.o             884                         32
    io.o                   20
    motor.o               148                          8
    move.o                832               172      348
    printf.o            1 196
    start.o             1 124             1 040
    startup.o             156
    stdlib.o               26
    sysinit.o             220                40       12
    uart.o                242
    util.o                 18
    vectors.o              24             1 088
    wdog.o                 56
    ----------------------------------------------------
    Total:              8 584       76    2 700      661

command line: [2]
    ----------------------------------------------------
    Total:

dl7M_tln.a: [3]
    exit.o                  4
    low_level_init.o        4
    ----------------------------------------------------
    Total:                  8

m7M_tl.a: [4]
    FltAdd.o              132
    FltMul.o              216
    FltSub.o              214
    FltToS32.o             68
    I32ToFlt.o             46
    ----------------------------------------------------
    Total:                676

rt7M_tl.a: [5]
    cexit.o                10
    cmain.o                22
    cstartup_M.o           12
    data_init3.o           40
    zero_init3.o           34
    ----------------------------------------------------
    Total:                118

shb_l.a: [6]
    exit.o                 20
    ----------------------------------------------------
    Total:                 20

    Gaps                   14                          3
    Linker created          8                16
--------------------------------------------------------
    Grand Total:        9 428       76    2 716      664


*******************************************************************************
*** ENTRY LIST
***

Entry                      Address   Size  Type      Object
-----                      -------   ----  ----      ------
.bss$$Base              0x1fffc548          --   Gb  - Linker created -
.bss$$Limit             0x1fffc6f4          --   Gb  - Linker created -
.data$$Base             0x1fffc410          --   Gb  - Linker created -
.data$$Limit            0x1fffc4fc          --   Gb  - Linker created -
.data_init$$Base        0x000027dc          --   Gb  - Linker created -
.data_init$$Limit       0x000028c8          --   Gb  - Linker created -
?main                   0x00002d39         Code  Gb  cmain.o [5]
ASSERT_FAILED_STR       0x00002b28   0x24  Data  Gb  assert.o [1]
CodeRelocate$$Base      0x000028c8          --   Gb  - Linker created -
CodeRelocate$$Limit     0x00002914          --   Gb  - Linker created -
CodeRelocateRam$$Base   0x1fffc4fc          --   Gb  - Linker created -
CodeRelocateRam$$Limit  0x1fffc548          --   Gb  - Linker created -
D                       0x1fffc5e8    0x4  Data  Gb  control.o [1]
GPIO_ISR                0x1fffc54c   0x14  Data  Gb  HAL_GPIO.o [1]
GPIOx_Ptr               0x1fffc410   0x14  Data  Gb  HAL_GPIO.o [1]
I                       0x1fffc448    0x4  Data  Gb  control.o [1]
LPLD_FTM0_MOD           0x1fffc548    0x4  Data  Gb  HAL_FTM.o [1]
LPLD_FTM0_PWM_ChangeDuty
                        0x00001619   0x36  Code  Gb  HAL_FTM.o [1]
LPLD_FTM0_PWM_Init      0x0000146d  0x112  Code  Gb  HAL_FTM.o [1]
LPLD_FTM0_PWM_Open      0x0000157f   0x9a  Code  Gb  HAL_FTM.o [1]
LPLD_GPIO_Get_b         0x00001419   0x12  Code  Gb  HAL_GPIO.o [1]
LPLD_GPIO_Init          0x00001315  0x104  Code  Gb  HAL_GPIO.o [1]
LPLD_GPIO_Isr           0x0000142b   0x26  Code  Gb  HAL_GPIO.o [1]
LPLD_LPTMR_Isr          0x00002bbd   0x16  Code  Gb  HAL_LPTMR.o [1]
LPLD_PIT_Init           0x00000c7d   0x8c  Code  Gb  HAL_PIT.o [1]
LPLD_PIT_Isr            0x00000d09   0x2e  Code  Gb  HAL_PIT.o [1]
LPLD_PLL_Setup          0x0000217d  0x22c  Code  Gb  HAL_MCG.o [1]
LPLD_Set_SYS_DIV        0x1fffc4fd   0x4c  Code  Gb  HAL_MCG.o [1]
LPLD_UART_Isr           0x00002915   0x38  Code  Gb  HAL_UART.o [1]
LPTMR_ISR               0x1fffc560    0x4  Data  Gb  HAL_LPTMR.o [1]
P                       0x1fffc444    0x4  Data  Gb  control.o [1]
PIT_ISR                 0x1fffc564   0x10  Data  Gb  HAL_PIT.o [1]
PORTx_Ptr               0x1fffc424   0x14  Data  Gb  HAL_GPIO.o [1]
Region$$Table$$Base     0x00002b4c          --   Gb  - Linker created -
Region$$Table$$Limit    0x00002b5c          --   Gb  - Linker created -
U                       0x1fffc600    0x4  Data  Gb  control.o [1]
UART_R_ISR              0x1fffc574   0x18  Data  Gb  HAL_UART.o [1]
__BOOT_STACK_ADDRESS {Abs}
                        0x20003ff8          --   Gb  command line/config [2]
__VECTOR_RAM {Abs}      0x1fff8000          --   Gb  command line/config [2]
__VECTOR_TABLE {Abs}    0x00000000          --   Gb  command line/config [2]
__aeabi_f2iz            0x00000989         Code  Gb  FltToS32.o [4]
__aeabi_fadd            0x00000af5         Code  Gb  FltAdd.o [4]
__aeabi_fmul            0x00000a1d         Code  Gb  FltMul.o [4]
__aeabi_i2f             0x000009cd         Code  Gb  I32ToFlt.o [4]
__cmain                 0x00002d39         Code  Gb  cmain.o [5]
__exit                  0x00002d65   0x14  Code  Gb  exit.o [6]
__iar_data_init3        0x00002b01   0x28  Code  Gb  data_init3.o [5]
__iar_fadd              0x00000b05         Code  Gb  FltAdd.o [4]
__iar_fsub              0x00000d55         Code  Gb  FltSub.o [4]
__iar_fsubStart         0x00000d65         Code  Gb  FltSub.o [4]
__iar_program_start     0x00002f25         Code  Gb  cstartup_M.o [5]
__iar_ui2f              0x000009e1         Code  Gb  I32ToFlt.o [4]
__iar_zero_init3        0x000009fb   0x22  Code  Gb  zero_init3.o [5]
__low_level_init        0x00002d4f    0x4  Code  Gb  low_level_init.o [3]
__startup               0x00000411         Code  Gb  crt0.o [1]
__vector_table          0x00000000  0x410  Data  Gb  vectors.o [1]
_call_main              0x00002d45         Code  Gb  cmain.o [5]
_exit                   0x00002d59         Code  Gb  cexit.o [5]
_main                   0x00002d4b         Code  Gb  cmain.o [5]
assert_failed           0x00001235   0x28  Code  Gb  assert.o [1]
black_line_pos          0x1fffc5f8    0x4  Data  Gb  control.o [1]
calculate_infrare_error
                        0x00000503  0x124  Code  Gb  control.o [1]
can_interrupt           0x1fffc440    0x1  Data  Gb  control.o [1]
car_change_direction    0x00000bb1   0x74  Code  Gb  car.o [1]
car_direction           0x1fffc438    0x4  Data  Gb  car.o [1]
car_front_infrare       0x1fffc590    0x4  Data  Gb  car.o [1]
car_init                0x00000b79   0x38  Code  Gb  car.o [1]
car_left_infrare        0x1fffc594    0x4  Data  Gb  car.o [1]
car_right_infrare       0x1fffc598    0x4  Data  Gb  car.o [1]
car_set_left_speed      0x00000c3b   0x16  Code  Gb  car.o [1]
car_set_right_speed     0x00000c25   0x16  Code  Gb  car.o [1]
car_speed               0x1fffc58c    0x4  Data  Gb  car.o [1]
car_tail_infrare        0x1fffc59c    0x4  Data  Gb  car.o [1]
check_head_cross        0x0000044d   0x50  Code  Gb  control.o [1]
check_on_cross          0x0000049d   0x20  Code  Gb  control.o [1]
common_startup          0x00001fdd   0x9c  Code  Gb  startup.o [1]
control_action          0x1fffc43c    0x4  Data  Gb  control.o [1]
control_call_back_function
                        0x1fffc5a0   0x48  Data  Gb  control.o [1]
control_init            0x000008cb   0x32  Code  Gb  control.o [1]
control_set_action      0x000008fd   0x14  Code  Gb  control.o [1]
control_set_call_back_function
                        0x00000911   0x18  Code  Gb  control.o [1]
core_clk_khz            0x1fffc6e8    0x4  Data  Gb  sysinit.o [1]
core_clk_mhz            0x1fffc6ec    0x4  Data  Gb  sysinit.o [1]
cpu_identify            0x00001bf9  0x204  Code  Gb  start.o [1]
default_isr             0x00002d21   0x18  Code  Gb  vectors.o [1]
delayMs                 0x00000c69   0x12  Code  Gb  util.o [1]
do_control              0x000004bd   0x46  Code  Gb  control.o [1]
do_get_cross            0x00000711   0xa6  Code  Gb  control.o [1]
do_go_ahead             0x00000653   0xbe  Code  Gb  control.o [1]
do_stop                 0x000008af   0x1c  Code  Gb  control.o [1]
do_turn_back            0x00000627   0x2c  Code  Gb  control.o [1]
do_turn_left            0x000007b7   0x7c  Code  Gb  control.o [1]
do_turn_right           0x00000833   0x7c  Code  Gb  control.o [1]
e                       0x1fffc604    0x4  Data  Gb  control.o [1]
eb_left                 0x1fffc5fc    0x4  Data  Gb  control.o [1]
eb_right                0x1fffc44c    0x4  Data  Gb  control.o [1]
enable_irq              0x00001263   0x92  Code  Gb  arm_cm4.o [1]
error                   0x1fffc5ec    0x4  Data  Gb  control.o [1]
exit                    0x00002d53    0x4  Code  Gb  exit.o [3]
fb_clk_init             0x00002107   0x16  Code  Gb  sysinit.o [1]
flash_identify          0x00001dfd   0xa2  Code  Gb  start.o [1]
front_infrare           0x1fffc610    0xc  Data  Gb  infrare.o [1]
get_cross_call_back     0x00002711   0x18  Code  Gb  move.o [1]
get_infrare             0x0000116b   0x24  Code  Gb  infrare.o [1]
go_ahead_head_cross_call_back
                        0x00002741   0x1e  Code  Gb  move.o [1]
go_ahead_on_cross_call_back
                        0x00002729   0x18  Code  Gb  move.o [1]
infrare_init            0x00000e2d  0x1e2  Code  Gb  infrare.o [1]
infrare_update          0x00001011  0x15a  Code  Gb  infrare.o [1]
init_all                0x00002155   0x18  Code  Gb  LPLD_Template.o [1]
last_error              0x1fffc5f0    0x4  Data  Gb  control.o [1]
last_two_error          0x1fffc5f4    0x4  Data  Gb  control.o [1]
left_infrare            0x1fffc628    0x4  Data  Gb  infrare.o [1]
main                    0x0000216d    0x6  Code  Gb  LPLD_Template.o [1]
motor_init              0x000011a1   0x2c  Code  Gb  motor.o [1]
motor_left_speed        0x1fffc630    0x4  Data  Gb  motor.o [1]
motor_right_speed       0x1fffc634    0x4  Data  Gb  motor.o [1]
motor_set_left_speed    0x000011cd   0x30  Code  Gb  motor.o [1]
motor_set_right_speed   0x000011fd   0x30  Code  Gb  motor.o [1]
move_direction          0x1fffc638    0x4  Data  Gb  move.o [1]
move_get_next_action    0x000025d7   0xec  Code  Gb  move.o [1]
move_init               0x0000275f   0x40  Code  Gb  move.o [1]
move_last_point         0x1fffc450    0x4  Data  Gb  move.o [1]
move_next_action        0x1fffc6e4    0x4  Data  Gb  move.o [1]
move_next_point         0x1fffc458    0x4  Data  Gb  move.o [1]
move_now_point          0x1fffc454    0x4  Data  Gb  move.o [1]
move_now_point_path_index
                        0x1fffc6e0    0x4  Data  Gb  move.o [1]
move_path               0x1fffc63c   0xa0  Data  Gb  move.o [1]
move_path_length        0x1fffc6dc    0x4  Data  Gb  move.o [1]
next_point              0x1fffc45c   0xa0  Data  Gb  move.o [1]
out_char                0x00002e41    0xe  Code  Gb  io.o [1]
periph_clk_khz          0x1fffc6f0    0x4  Data  Gb  sysinit.o [1]
point2index             0x0000249d   0x10  Code  Gb  move.o [1]
printf                  0x00001b01   0x1e  Code  Gb  printf.o [1]
printk                  0x00001751  0x3b0  Code  Gb  printf.o [1]
printk_mknumstr         0x000016a5   0x70  Code  Lc  printf.o [1]
printk_pad_space        0x00001733   0x1e  Code  Lc  printf.o [1]
printk_pad_zero         0x00001715   0x1e  Code  Lc  printf.o [1]
printk_putc             0x00001679   0x2c  Code  Lc  printf.o [1]
right_infrare           0x1fffc62c    0x4  Data  Gb  infrare.o [1]
start                   0x00001b41   0xb8  Code  Gb  start.o [1]
strlen                  0x00001b25   0x1a  Code  Gb  stdlib.o [1]
sysinit                 0x00002079   0x78  Code  Gb  sysinit.o [1]
tail_infrare            0x1fffc61c    0xc  Data  Gb  infrare.o [1]
trace_clk_init          0x000020f1   0x16  Code  Gb  sysinit.o [1]
turn_back_call_back     0x000026f7   0x1a  Code  Gb  move.o [1]
turn_left_call_back     0x000026dd   0x1a  Code  Gb  move.o [1]
turn_right_call_back    0x000026c3   0x1a  Code  Gb  move.o [1]
uart_init               0x000023a9   0xcc  Code  Gb  uart.o [1]
uart_putchar            0x00002491    0xa  Code  Gb  uart.o [1]
update_direction        0x00002525   0xb2  Code  Gb  move.o [1]
update_point            0x000024ad   0x78  Code  Gb  move.o [1]
wdog_disable            0x00001fa5   0x16  Code  Gb  wdog.o [1]
wdog_unlock             0x00001fbd   0x16  Code  Gb  wdog.o [1]
weight                  0x00002a30   0x2c  Data  Gb  control.o [1]
write_vtor              0x0000125d    0x6  Code  Gb  arm_cm4.o [1]


[1] = C:\Users\hp\Desktop\安防机器人大赛\程序工程\robot\project\robot_car_com\iar\FLASH\Obj
[2] = command line
[3] = dl7M_tln.a
[4] = m7M_tl.a
[5] = rt7M_tl.a
[6] = shb_l.a

  9 428 bytes of readonly  code memory
     76 bytes of readwrite code memory
  2 716 bytes of readonly  data memory
    664 bytes of readwrite data memory

Errors: none
Warnings: none
