###############################################################################
#                                                                             #
# IAR ANSI C/C++ Compiler V6.40.1.53790/W32 for ARM     30/Jul/2014  17:24:12 #
# Copyright 1999-2012 IAR Systems AB.                                         #
#                                                                             #
#    Cpu mode     =  thumb                                                    #
#    Endian       =  little                                                   #
#    Source file  =  C:\Users\hp\Desktop\安防机器人大赛\程序工程\robot\projec #
#                    t\robot_car_com\app\zigbee.c                             #
#    Command line =  C:\Users\hp\Desktop\安防机器人大赛\程序工程\robot\projec #
#                    t\robot_car_com\app\zigbee.c -D IAR -D LPLD_K60 -lCN     #
#                    C:\Users\hp\Desktop\安防机器人大赛\程序工程\robot\projec #
#                    t\robot_car_com\iar\FLASH\List\ -lB                      #
#                    C:\Users\hp\Desktop\安防机器人大赛\程序工程\robot\projec #
#                    t\robot_car_com\iar\FLASH\List\ -o                       #
#                    C:\Users\hp\Desktop\安防机器人大赛\程序工程\robot\projec #
#                    t\robot_car_com\iar\FLASH\Obj\ --no_cse --no_unroll      #
#                    --no_inline --no_code_motion --no_tbaa --no_clustering   #
#                    --no_scheduling --debug --endian=little --cpu=Cortex-M4  #
#                    -e --fpu=None --dlib_config                              #
#                    D:\IAR\arm\INC\c\DLib_Config_Normal.h -I                 #
#                    C:\Users\hp\Desktop\安防机器人大赛\程序工程\robot\projec #
#                    t\robot_car_com\iar\..\app\ -I                           #
#                    C:\Users\hp\Desktop\安防机器人大赛\程序工程\robot\projec #
#                    t\robot_car_com\iar\..\..\..\lib\common\ -I              #
#                    C:\Users\hp\Desktop\安防机器人大赛\程序工程\robot\projec #
#                    t\robot_car_com\iar\..\..\..\lib\cpu\ -I                 #
#                    C:\Users\hp\Desktop\安防机器人大赛\程序工程\robot\projec #
#                    t\robot_car_com\iar\..\..\..\lib\cpu\headers\ -I         #
#                    C:\Users\hp\Desktop\安防机器人大赛\程序工程\robot\projec #
#                    t\robot_car_com\iar\..\..\..\lib\drivers\adc16\ -I       #
#                    C:\Users\hp\Desktop\安防机器人大赛\程序工程\robot\projec #
#                    t\robot_car_com\iar\..\..\..\lib\drivers\enet\ -I        #
#                    C:\Users\hp\Desktop\安防机器人大赛\程序工程\robot\projec #
#                    t\robot_car_com\iar\..\..\..\lib\drivers\lptmr\ -I       #
#                    C:\Users\hp\Desktop\安防机器人大赛\程序工程\robot\projec #
#                    t\robot_car_com\iar\..\..\..\lib\drivers\mcg\ -I         #
#                    C:\Users\hp\Desktop\安防机器人大赛\程序工程\robot\projec #
#                    t\robot_car_com\iar\..\..\..\lib\drivers\pmc\ -I         #
#                    C:\Users\hp\Desktop\安防机器人大赛\程序工程\robot\projec #
#                    t\robot_car_com\iar\..\..\..\lib\drivers\rtc\ -I         #
#                    C:\Users\hp\Desktop\安防机器人大赛\程序工程\robot\projec #
#                    t\robot_car_com\iar\..\..\..\lib\drivers\uart\ -I        #
#                    C:\Users\hp\Desktop\安防机器人大赛\程序工程\robot\projec #
#                    t\robot_car_com\iar\..\..\..\lib\drivers\wdog\ -I        #
#                    C:\Users\hp\Desktop\安防机器人大赛\程序工程\robot\projec #
#                    t\robot_car_com\iar\..\..\..\lib\platforms\ -I           #
#                    C:\Users\hp\Desktop\安防机器人大赛\程序工程\robot\projec #
#                    t\robot_car_com\iar\..\..\..\lib\LPLD\ -I                #
#                    C:\Users\hp\Desktop\安防机器人大赛\程序工程\robot\projec #
#                    t\robot_car_com\iar\..\..\..\lib\LPLD\FatFs\ -I          #
#                    C:\Users\hp\Desktop\安防机器人大赛\程序工程\robot\projec #
#                    t\robot_car_com\iar\..\..\..\lib\LPLD\USB\ -I            #
#                    C:\Users\hp\Desktop\安防机器人大赛\程序工程\robot\projec #
#                    t\robot_car_com\iar\..\..\..\lib\iar_config_files\ -Ol   #
#    List file    =  C:\Users\hp\Desktop\安防机器人大赛\程序工程\robot\projec #
#                    t\robot_car_com\iar\FLASH\List\zigbee.lst                #
#    Object file  =  C:\Users\hp\Desktop\安防机器人大赛\程序工程\robot\projec #
#                    t\robot_car_com\iar\FLASH\Obj\zigbee.o                   #
#                                                                             #
#                                                                             #
###############################################################################



 

 


Errors: none
Warnings: none
