###############################################################################
#                                                                             #
# IAR ELF Linker V6.30.1.53127/W32 for ARM              25/Sep/2013  22:44:52 #
# Copyright 2007-2011 IAR Systems AB.                                         #
#                                                                             #
#    Output file  =  D:\中国机器人大赛\robot_project\project\LPLD_Template\ia #
#                    r\RAM\Exe\LPLD_Template_K60.out                          #
#    Map file     =  D:\中国机器人大赛\robot_project\project\LPLD_Template\ia #
#                    r\RAM\List\LPLD_Template_K60.map                         #
#    Command line =  D:\中国机器人大赛\robot_project\project\LPLD_Template\ia #
#                    r\RAM\Obj\CycleBuf.o D:\中国机器人大赛\robot_project\pro #
#                    ject\LPLD_Template\iar\RAM\Obj\FML_DiskIO.o              #
#                    D:\中国机器人大赛\robot_project\project\LPLD_Template\ia #
#                    r\RAM\Obj\HAL_ADC.o D:\中国机器人大赛\robot_project\proj #
#                    ect\LPLD_Template\iar\RAM\Obj\HAL_CAN.o                  #
#                    D:\中国机器人大赛\robot_project\project\LPLD_Template\ia #
#                    r\RAM\Obj\HAL_DAC.o D:\中国机器人大赛\robot_project\proj #
#                    ect\LPLD_Template\iar\RAM\Obj\HAL_ENET.o                 #
#                    D:\中国机器人大赛\robot_project\project\LPLD_Template\ia #
#                    r\RAM\Obj\HAL_FTM.o D:\中国机器人大赛\robot_project\proj #
#                    ect\LPLD_Template\iar\RAM\Obj\HAL_GPIO.o                 #
#                    D:\中国机器人大赛\robot_project\project\LPLD_Template\ia #
#                    r\RAM\Obj\HAL_I2C.o D:\中国机器人大赛\robot_project\proj #
#                    ect\LPLD_Template\iar\RAM\Obj\HAL_LPTMR.o                #
#                    D:\中国机器人大赛\robot_project\project\LPLD_Template\ia #
#                    r\RAM\Obj\HAL_MCG.o D:\中国机器人大赛\robot_project\proj #
#                    ect\LPLD_Template\iar\RAM\Obj\HAL_PDB.o                  #
#                    D:\中国机器人大赛\robot_project\project\LPLD_Template\ia #
#                    r\RAM\Obj\HAL_PIT.o D:\中国机器人大赛\robot_project\proj #
#                    ect\LPLD_Template\iar\RAM\Obj\HAL_RTC.o                  #
#                    D:\中国机器人大赛\robot_project\project\LPLD_Template\ia #
#                    r\RAM\Obj\HAL_SDHC.o D:\中国机器人大赛\robot_project\pro #
#                    ject\LPLD_Template\iar\RAM\Obj\HAL_SPI.o                 #
#                    D:\中国机器人大赛\robot_project\project\LPLD_Template\ia #
#                    r\RAM\Obj\HAL_UART.o D:\中国机器人大赛\robot_project\pro #
#                    ject\LPLD_Template\iar\RAM\Obj\HAL_USB_Device.o          #
#                    D:\中国机器人大赛\robot_project\project\LPLD_Template\ia #
#                    r\RAM\Obj\HAL_eDMA.o D:\中国机器人大赛\robot_project\pro #
#                    ject\LPLD_Template\iar\RAM\Obj\LPLD_Template.o           #
#                    D:\中国机器人大赛\robot_project\project\LPLD_Template\ia #
#                    r\RAM\Obj\RingBuffer.o D:\中国机器人大赛\robot_project\p #
#                    roject\LPLD_Template\iar\RAM\Obj\UP_UART2Parser.o        #
#                    D:\中国机器人大赛\robot_project\project\LPLD_Template\ia #
#                    r\RAM\Obj\USB.o D:\中国机器人大赛\robot_project\project\ #
#                    LPLD_Template\iar\RAM\Obj\USB_CDC.o                      #
#                    D:\中国机器人大赛\robot_project\project\LPLD_Template\ia #
#                    r\RAM\Obj\adc16.o D:\中国机器人大赛\robot_project\projec #
#                    t\LPLD_Template\iar\RAM\Obj\alloc.o                      #
#                    D:\中国机器人大赛\robot_project\project\LPLD_Template\ia #
#                    r\RAM\Obj\arm_cm4.o D:\中国机器人大赛\robot_project\proj #
#                    ect\LPLD_Template\iar\RAM\Obj\assert.o                   #
#                    D:\中国机器人大赛\robot_project\project\LPLD_Template\ia #
#                    r\RAM\Obj\ccsbcs.o D:\中国机器人大赛\robot_project\proje #
#                    ct\LPLD_Template\iar\RAM\Obj\crt0.o                      #
#                    D:\中国机器人大赛\robot_project\project\LPLD_Template\ia #
#                    r\RAM\Obj\enet.o D:\中国机器人大赛\robot_project\project #
#                    \LPLD_Template\iar\RAM\Obj\eth_phy.o                     #
#                    D:\中国机器人大赛\robot_project\project\LPLD_Template\ia #
#                    r\RAM\Obj\ff.o D:\中国机器人大赛\robot_project\project\L #
#                    PLD_Template\iar\RAM\Obj\function.o                      #
#                    D:\中国机器人大赛\robot_project\project\LPLD_Template\ia #
#                    r\RAM\Obj\io.o D:\中国机器人大赛\robot_project\project\L #
#                    PLD_Template\iar\RAM\Obj\lptmr.o                         #
#                    D:\中国机器人大赛\robot_project\project\LPLD_Template\ia #
#                    r\RAM\Obj\memtest.o D:\中国机器人大赛\robot_project\proj #
#                    ect\LPLD_Template\iar\RAM\Obj\mii.o                      #
#                    D:\中国机器人大赛\robot_project\project\LPLD_Template\ia #
#                    r\RAM\Obj\nbuf.o D:\中国机器人大赛\robot_project\project #
#                    \LPLD_Template\iar\RAM\Obj\pmc.o                         #
#                    D:\中国机器人大赛\robot_project\project\LPLD_Template\ia #
#                    r\RAM\Obj\printf.o D:\中国机器人大赛\robot_project\proje #
#                    ct\LPLD_Template\iar\RAM\Obj\queue.o                     #
#                    D:\中国机器人大赛\robot_project\project\LPLD_Template\ia #
#                    r\RAM\Obj\rtc.o D:\中国机器人大赛\robot_project\project\ #
#                    LPLD_Template\iar\RAM\Obj\start.o                        #
#                    D:\中国机器人大赛\robot_project\project\LPLD_Template\ia #
#                    r\RAM\Obj\startup.o D:\中国机器人大赛\robot_project\proj #
#                    ect\LPLD_Template\iar\RAM\Obj\stdlib.o                   #
#                    D:\中国机器人大赛\robot_project\project\LPLD_Template\ia #
#                    r\RAM\Obj\syscall.o D:\中国机器人大赛\robot_project\proj #
#                    ect\LPLD_Template\iar\RAM\Obj\sysinit.o                  #
#                    D:\中国机器人大赛\robot_project\project\LPLD_Template\ia #
#                    r\RAM\Obj\uart.o D:\中国机器人大赛\robot_project\project #
#                    \LPLD_Template\iar\RAM\Obj\uif.o                         #
#                    D:\中国机器人大赛\robot_project\project\LPLD_Template\ia #
#                    r\RAM\Obj\vectors.o D:\中国机器人大赛\robot_project\proj #
#                    ect\LPLD_Template\iar\RAM\Obj\wdog.o --redirect          #
#                    _Printf=_PrintfFull --redirect _Scanf=_ScanfFull -o      #
#                    D:\中国机器人大赛\robot_project\project\LPLD_Template\ia #
#                    r\RAM\Exe\LPLD_Template_K60.out --map                    #
#                    D:\中国机器人大赛\robot_project\project\LPLD_Template\ia #
#                    r\RAM\List\LPLD_Template_K60.map --config                #
#                    D:\中国机器人大赛\robot_project\project\LPLD_Template\ia #
#                    r\..\..\..\lib\iar_config_files\64KB_Ram.icf             #
#                    --semihosting --entry __iar_program_start --vfe          #
#                                                                             #
#                                                                             #
###############################################################################

*******************************************************************************
*** RUNTIME MODEL ATTRIBUTES
***

CppFlavor       = *
__SystemLibrary = DLib


*******************************************************************************
*** PLACEMENT SUMMARY
***

"A1":  place at 0x1fff8000 { ro section .intvec };
"A2":  place at 0x1fff8410 { ro section .noinit };
"P1":  place in [from 0x1fff8000 to 0x20008000] { ro, block CodeRelocate };
"P2":  place in [from 0x1fff8000 to 0x20008000] {
          rw, block CodeRelocateRam, block CSTACK, block HEAP };

  Section              Kind        Address    Size  Object
  -------              ----        -------    ----  ------
"A1":                                        0x410
  .intvec              const    0x1fff8000   0x410  vectors.o [1]
                              - 0x1fff8410   0x410

"A2":                                         0x3c
  .noinit              ro code  0x1fff8410    0x3c  crt0.o [1]
                              - 0x1fff844c    0x3c

"P1":                                       0x23f4
  .text                ro code  0x1fff844c   0x4c4  printf.o [1]
  .text                ro code  0x1fff8910    0x1a  stdlib.o [1]
  .text                ro code  0x1fff892a    0x22  zero_init3.o [4]
  .text                ro code  0x1fff894c   0x464  start.o [1]
  .text                ro code  0x1fff8db0    0x38  wdog.o [1]
  .text                ro code  0x1fff8de8    0x9c  startup.o [1]
  .text                ro code  0x1fff8e84    0xdc  sysinit.o [1]
  .text                ro code  0x1fff8f60    0xf4  LPLD_Template.o [1]
  .text                ro code  0x1fff9054    0xb8  arm_cm4.o [1]
  .text                ro code  0x1fff910c   0x22c  HAL_MCG.o [1]
  .text                ro code  0x1fff9338    0xf2  uart.o [1]
  .text                ro code  0x1fff942c   0x3e0  function.o [1]
  .text                ro code  0x1fff980c    0xd8  HAL_PIT.o [1]
  .text                ro code  0x1fff98e4   0x234  HAL_UART.o [1]
  .text                ro code  0x1fff9b18   0x2d8  UP_UART2Parser.o [1]
  .text                ro code  0x1fff9df0   0x158  HAL_GPIO.o [1]
  .text                ro code  0x1fff9f48   0x1d4  HAL_FTM.o [1]
  .text                ro code  0x1fffa11c    0x28  assert.o [1]
  .text                ro code  0x1fffa144    0x6a  CycleBuf.o [1]
  CodeRelocate                  0x1fffa1b0    0x4c  <Block>
    Initializer bytes  ro data  0x1fffa1b0    0x4c  <for CodeRelocateRam-1>
  .data_init                    0x1fffa1fc    0x44  <Block>
    Initializer bytes  ro data  0x1fffa1fc    0x44  <for .data-1>
  .rodata              const    0x1fffa240    0x40  start.o [1]
  .rodata              const    0x1fffa280    0x38  arm_cm4.o [1]
  .rodata              const    0x1fffa2b8    0x34  HAL_GPIO.o [1]
  .rodata              const    0x1fffa2ec    0x34  HAL_PIT.o [1]
  .rodata              const    0x1fffa320    0x30  vectors.o [1]
  .rodata              const    0x1fffa350    0x2c  start.o [1]
  .text                ro code  0x1fffa37c    0x2c  data_init3.o [4]
  .rodata              const    0x1fffa3a8    0x28  start.o [1]
  .rodata              const    0x1fffa3d0    0x28  start.o [1]
  .rodata              const    0x1fffa3f8    0x24  assert.o [1]
  .iar.init_table      const    0x1fffa41c    0x10  - Linker created -
  .rodata              const    0x1fffa42c    0x20  start.o [1]
  .rodata              const    0x1fffa44c    0x20  start.o [1]
  .rodata              const    0x1fffa46c    0x20  start.o [1]
  .text                ro code  0x1fffa48c    0x20  HAL_LPTMR.o [1]
  .rodata              const    0x1fffa4ac    0x1c  start.o [1]
  .rodata              const    0x1fffa4c8    0x1c  start.o [1]
  .rodata              const    0x1fffa4e4    0x1c  start.o [1]
  .rodata              const    0x1fffa500    0x18  start.o [1]
  .rodata              const    0x1fffa518    0x18  start.o [1]
  .rodata              const    0x1fffa530    0x18  start.o [1]
  .rodata              const    0x1fffa548    0x18  start.o [1]
  .rodata              const    0x1fffa560    0x18  start.o [1]
  .rodata              const    0x1fffa578    0x18  start.o [1]
  .rodata              const    0x1fffa590    0x18  start.o [1]
  .rodata              const    0x1fffa5a8    0x18  start.o [1]
  .rodata              const    0x1fffa5c0    0x18  start.o [1]
  .rodata              const    0x1fffa5d8    0x18  start.o [1]
  .text                ro code  0x1fffa5f0    0x18  vectors.o [1]
  .text                ro code  0x1fffa608    0x16  cmain.o [4]
  .text                ro code  0x1fffa61e     0x4  low_level_init.o [3]
  .text                ro code  0x1fffa622     0x4  exit.o [3]
  .text                ro code  0x1fffa628     0xa  cexit.o [4]
  .text                ro code  0x1fffa634    0x14  exit.o [5]
  .rodata              const    0x1fffa648    0x14  start.o [1]
  .rodata              const    0x1fffa65c    0x14  start.o [1]
  .rodata              const    0x1fffa670    0x14  start.o [1]
  .rodata              const    0x1fffa684    0x14  start.o [1]
  .rodata              const    0x1fffa698    0x14  start.o [1]
  .rodata              const    0x1fffa6ac    0x14  start.o [1]
  .rodata              const    0x1fffa6c0    0x14  start.o [1]
  .rodata              const    0x1fffa6d4    0x14  start.o [1]
  .rodata              const    0x1fffa6e8    0x14  sysinit.o [1]
  .rodata              const    0x1fffa6fc    0x14  sysinit.o [1]
  .text                ro code  0x1fffa710    0x14  io.o [1]
  .rodata              const    0x1fffa724    0x10  start.o [1]
  .rodata              const    0x1fffa734    0x10  start.o [1]
  .rodata              const    0x1fffa744    0x10  start.o [1]
  .rodata              const    0x1fffa754    0x10  start.o [1]
  .rodata              const    0x1fffa764    0x10  start.o [1]
  .rodata              const    0x1fffa774    0x10  start.o [1]
  .rodata              const    0x1fffa784    0x10  start.o [1]
  .rodata              const    0x1fffa794    0x10  start.o [1]
  .rodata              const    0x1fffa7a4    0x10  start.o [1]
  .rodata              const    0x1fffa7b4    0x10  start.o [1]
  .rodata              const    0x1fffa7c4    0x10  start.o [1]
  .rodata              const    0x1fffa7d4    0x10  start.o [1]
  .rodata              const    0x1fffa7e4    0x10  start.o [1]
  .text                ro code  0x1fffa7f4     0xc  cstartup_M.o [4]
  .rodata              const    0x1fffa800     0x8  start.o [1]
  .rodata              const    0x1fffa808     0x8  start.o [1]
  .rodata              const    0x1fffa810     0x8  start.o [1]
  .rodata              const    0x1fffa818     0x8  start.o [1]
  .rodata              const    0x1fffa820     0x8  start.o [1]
  .rodata              const    0x1fffa828     0x8  start.o [1]
  .rodata              const    0x1fffa830     0x8  start.o [1]
  .rodata              const    0x1fffa838     0x8  start.o [1]
  .rodata              const    0x1fffa840     0x0  bwt_init3c.o [4]
                              - 0x1fffa840  0x23f4

"P2", part 1 of 2:                            0x90
  CodeRelocateRam               0x1fffa840    0x4c  <Block>
    CodeRelocateRam-1           0x1fffa840    0x4c  <Init block>
      .textrw          inited   0x1fffa840    0x4c  HAL_MCG.o [1]
  .data                         0x1fffa88c    0x44  <Block>
    .data-1                     0x1fffa88c    0x44  <Init block>
      .data            inited   0x1fffa88c    0x14  HAL_GPIO.o [1]
      .data            inited   0x1fffa8a0    0x14  HAL_GPIO.o [1]
      .data            inited   0x1fffa8b4    0x18  HAL_UART.o [1]
      .data            inited   0x1fffa8cc     0x4  UP_UART2Parser.o [1]
                              - 0x1fffa8d0    0x90

"P2", part 2 of 2:                           0x204
  .bss                          0x1fffa8d0   0x204  <Block>
    .bss               zero     0x1fffa8d0     0x4  HAL_FTM.o [1]
    .bss               zero     0x1fffa8d4    0x14  HAL_GPIO.o [1]
    .bss               zero     0x1fffa8e8     0x4  HAL_LPTMR.o [1]
    .bss               zero     0x1fffa8ec    0x10  HAL_PIT.o [1]
    .bss               zero     0x1fffa8fc    0x18  HAL_UART.o [1]
    .bss               zero     0x1fffa914     0xc  LPLD_Template.o [1]
    .bss               zero     0x1fffa920     0x8  LPLD_Template.o [1]
    .bss               zero     0x1fffa928     0x4  LPLD_Template.o [1]
    .bss               zero     0x1fffa92c     0x4  LPLD_Template.o [1]
    .bss               zero     0x1fffa930     0x4  LPLD_Template.o [1]
    .bss               zero     0x1fffa934     0x4  UP_UART2Parser.o [1]
    .bss               zero     0x1fffa938    0x40  UP_UART2Parser.o [1]
    .bss               zero     0x1fffa978     0xc  UP_UART2Parser.o [1]
    .bss               zero     0x1fffa984     0x4  UP_UART2Parser.o [1]
    .bss               zero     0x1fffa988   0x104  UP_UART2Parser.o [1]
    .bss               zero     0x1fffaa8c     0x4  UP_UART2Parser.o [1]
    .bss               zero     0x1fffaa90    0x30  UP_UART2Parser.o [1]
    .bss               zero     0x1fffaac0     0x4  sysinit.o [1]
    .bss               zero     0x1fffaac4     0x4  sysinit.o [1]
    .bss               zero     0x1fffaac8     0x4  sysinit.o [1]
    .bss               zero     0x1fffaacc     0x1  LPLD_Template.o [1]
    .bss               zero     0x1fffaacd     0x1  LPLD_Template.o [1]
    .bss               zero     0x1fffaace     0x1  UP_UART2Parser.o [1]
    .bss               zero     0x1fffaacf     0x1  UP_UART2Parser.o [1]
    .bss               zero     0x1fffaad0     0x1  UP_UART2Parser.o [1]
    .bss               zero     0x1fffaad1     0x1  UP_UART2Parser.o [1]
    .bss               zero     0x1fffaad2     0x1  UP_UART2Parser.o [1]
    .bss               zero     0x1fffaad3     0x1  UP_UART2Parser.o [1]
                              - 0x1fffaad4   0x204


*******************************************************************************
*** INIT TABLE
***

          Address     Size
          -------     ----
Zero (__iar_zero_init3)
    1 destination range, total size 0x204:
          0x1fffa8d0  0x204



*******************************************************************************
*** MODULE SUMMARY
***

    Module            ro code  rw code  ro data  rw data
    ------            -------  -------  -------  -------
D:\中国机器人大赛\robot_project\project\LPLD_Template\iar\RAM\Obj: [1]
    CycleBuf.o            106
    HAL_FTM.o             468                          4
    HAL_GPIO.o            344                92       60
    HAL_LPTMR.o            32                          4
    HAL_MCG.o             556       76       76
    HAL_PIT.o             216                52       16
    HAL_UART.o            564                24       48
    LPLD_Template.o       244                         34
    UP_UART2Parser.o      728                 4      406
    arm_cm4.o             184                56
    assert.o               40                36
    crt0.o                 60
    function.o            992
    io.o                   20
    printf.o            1 220
    start.o             1 124             1 040
    startup.o             156
    stdlib.o               26
    sysinit.o             220                40       12
    uart.o                242
    vectors.o              24             1 088
    wdog.o                 56
    ----------------------------------------------------
    Total:              7 622       76    2 508      584

command line: [2]
    ----------------------------------------------------
    Total:

dl7M_tln.a: [3]
    exit.o                  4
    low_level_init.o        4
    ----------------------------------------------------
    Total:                  8

rt7M_tl.a: [4]
    bwt_init3c.o
    cexit.o                10
    cmain.o                22
    cstartup_M.o           12
    data_init3.o           44
    zero_init3.o           34
    ----------------------------------------------------
    Total:                122

shb_l.a: [5]
    exit.o                 20
    ----------------------------------------------------
    Total:                 20

    Gaps                    6                          2
    Linker created                           16
--------------------------------------------------------
    Grand Total:        7 778       76    2 524      586


*******************************************************************************
*** ENTRY LIST
***

Entry                      Address   Size  Type      Object
-----                      -------   ----  ----      ------
.bss$$Base              0x1fffa8d0          --   Gb  - Linker created -
.bss$$Limit             0x1fffaad4          --   Gb  - Linker created -
.data$$Base             0x1fffa88c          --   Gb  - Linker created -
.data$$Limit            0x1fffa8d0          --   Gb  - Linker created -
.data_init$$Base        0x1fffa1fc          --   Gb  - Linker created -
.data_init$$Limit       0x1fffa240          --   Gb  - Linker created -
?main                   0x1fffa609         Code  Gb  cmain.o [4]
ASSERT_FAILED_STR       0x1fffa3f8   0x24  Data  Gb  assert.o [1]
Buf                     0x1fffaa90   0x30  Data  Gb  UP_UART2Parser.o [1]
BufRFID                 0x1fff9c5f    0xe  Code  Gb  UP_UART2Parser.o [1]
Card                    0x1fffaa8c    0x4  Data  Gb  UP_UART2Parser.o [1]
CodeRelocate$$Base      0x1fffa1b0          --   Gb  - Linker created -
CodeRelocate$$Limit     0x1fffa1fc          --   Gb  - Linker created -
CodeRelocateRam$$Base   0x1fffa840          --   Gb  - Linker created -
CodeRelocateRam$$Limit  0x1fffa88c          --   Gb  - Linker created -
Cyc_Get                 0x1fffa16b   0x44  Code  Gb  CycleBuf.o [1]
Cyc_PutIn               0x1fffa145   0x26  Code  Gb  CycleBuf.o [1]
DestPos                 0x1fffaacf    0x1  Data  Lc  UP_UART2Parser.o [1]
FieldSensors            0x1fffa978    0xc  Data  Lc  UP_UART2Parser.o [1]
FrameStart              0x1fffaad2    0x1  Data  Gb  UP_UART2Parser.o [1]
GPIO_ISR                0x1fffa8d4   0x14  Data  Gb  HAL_GPIO.o [1]
GPIOx_Ptr               0x1fffa88c   0x14  Data  Gb  HAL_GPIO.o [1]
GetCardUID              0x1fff9d6f   0x4a  Code  Gb  UP_UART2Parser.o [1]
LPLD_FTM0_MOD           0x1fffa8d0    0x4  Data  Gb  HAL_FTM.o [1]
LPLD_FTM0_PWM_Init      0x1fff9f49  0x112  Code  Gb  HAL_FTM.o [1]
LPLD_FTM0_PWM_Open      0x1fffa05b   0x9a  Code  Gb  HAL_FTM.o [1]
LPLD_GPIO_Get_b         0x1fff9ef5   0x12  Code  Gb  HAL_GPIO.o [1]
LPLD_GPIO_Init          0x1fff9df1  0x104  Code  Gb  HAL_GPIO.o [1]
LPLD_GPIO_Isr           0x1fff9f07   0x26  Code  Gb  HAL_GPIO.o [1]
LPLD_LPTMR_Isr          0x1fffa48d   0x16  Code  Gb  HAL_LPTMR.o [1]
LPLD_PIT_Init           0x1fff980d   0x8c  Code  Gb  HAL_PIT.o [1]
LPLD_PIT_Isr            0x1fff9899   0x2e  Code  Gb  HAL_PIT.o [1]
LPLD_PLL_Setup          0x1fff910d  0x22c  Code  Gb  HAL_MCG.o [1]
LPLD_Set_SYS_DIV        0x1fffa841   0x4c  Code  Gb  HAL_MCG.o [1]
LPLD_UART_GetChar       0x1fff9a47   0x12  Code  Gb  HAL_UART.o [1]
LPLD_UART_Init          0x1fff98e5  0x162  Code  Gb  HAL_UART.o [1]
LPLD_UART_Isr           0x1fff9a7f   0x38  Code  Gb  HAL_UART.o [1]
LPLD_UART_RIE_Enable    0x1fff9a59   0x26  Code  Gb  HAL_UART.o [1]
LPTMR_ISR               0x1fffa8e8    0x4  Data  Gb  HAL_LPTMR.o [1]
PIT_ISR                 0x1fffa8ec   0x10  Data  Gb  HAL_PIT.o [1]
PORTx_Ptr               0x1fffa8a0   0x14  Data  Gb  HAL_GPIO.o [1]
ParseBuf                0x1fffa938   0x40  Data  Lc  UP_UART2Parser.o [1]
ParseRFIDData           0x1fff9d4b   0x24  Code  Gb  UP_UART2Parser.o [1]
Parse_RFID              0x1fff9c87   0xc4  Code  Gb  UP_UART2Parser.o [1]
RecvIndex               0x1fffaad3    0x1  Data  Gb  UP_UART2Parser.o [1]
Region$$Table$$Base     0x1fffa41c          --   Gb  - Linker created -
Region$$Table$$Limit    0x1fffa42c          --   Gb  - Linker created -
RobotAction             0x1fffaace    0x1  Data  Lc  UP_UART2Parser.o [1]
UART2_ParseData         0x1fff9b7f   0xe0  Code  Gb  UP_UART2Parser.o [1]
UART_R_ISR              0x1fffa8fc   0x18  Data  Gb  HAL_UART.o [1]
UARTx_Ptr               0x1fffa8b4   0x18  Data  Gb  HAL_UART.o [1]
Uart2_ParseFrame        0x1fff9b19   0x66  Code  Gb  UP_UART2Parser.o [1]
Xor                     0x1fff9c6d   0x1a  Code  Gb  UP_UART2Parser.o [1]
__BOOT_STACK_ADDRESS {Abs}
                        0x20007ff8          --   Gb  command line/config [2]
__VECTOR_RAM {Abs}      0x1fff8000          --   Gb  command line/config [2]
__VECTOR_TABLE {Abs}    0x1fff8000          --   Gb  command line/config [2]
__cmain                 0x1fffa609         Code  Gb  cmain.o [4]
__exit                  0x1fffa635   0x14  Code  Gb  exit.o [5]
__iar_SB                0x1fffa840         Data  Gb  bwt_init3c.o [4]
__iar_data_init3        0x1fffa37d   0x2c  Code  Gb  data_init3.o [4]
__iar_program_start     0x1fffa7f5         Code  Gb  cstartup_M.o [4]
__iar_zero_init3        0x1fff892b   0x22  Code  Gb  zero_init3.o [4]
__low_level_init        0x1fffa61f    0x4  Code  Gb  low_level_init.o [3]
__startup               0x1fff8411         Code  Gb  crt0.o [1]
__vector_table          0x1fff8000  0x410  Data  Gb  vectors.o [1]
_call_main              0x1fffa615         Code  Gb  cmain.o [4]
_exit                   0x1fffa629         Code  Gb  cexit.o [4]
_main                   0x1fffa61b         Code  Gb  cmain.o [4]
assert_failed           0x1fffa11d   0x28  Code  Gb  assert.o [1]
common_startup          0x1fff8de9   0x9c  Code  Gb  startup.o [1]
core_clk_khz            0x1fffaac0    0x4  Data  Gb  sysinit.o [1]
core_clk_mhz            0x1fffaac4    0x4  Data  Gb  sysinit.o [1]
cpu_identify            0x1fff8a07  0x204  Code  Gb  start.o [1]
default_isr             0x1fffa5f1   0x18  Code  Gb  vectors.o [1]
enable_irq              0x1fff905b   0x92  Code  Gb  arm_cm4.o [1]
exit                    0x1fffa623    0x4  Code  Gb  exit.o [3]
fb_clk_init             0x1fff8f13   0x16  Code  Gb  sysinit.o [1]
flash_identify          0x1fff8c0b   0xa2  Code  Gb  start.o [1]
i                       0x1fffa934    0x4  Data  Lc  UP_UART2Parser.o [1]
init_gpio               0x1fff942d  0x214  Code  Gb  function.o [1]
init_pwm                0x1fff9641   0x2c  Code  Gb  function.o [1]
keyCode                 0x1fffaacc    0x1  Data  Gb  LPLD_Template.o [1]
main                    0x1fff8f61   0xa4  Code  Gb  LPLD_Template.o [1]
out_char                0x1fffa711    0xe  Code  Gb  io.o [1]
periph_clk_khz          0x1fffaac8    0x4  Data  Gb  sysinit.o [1]
pit_isr0                0x1fff9005    0x2  Code  Gb  LPLD_Template.o [1]
pit_isr1                0x1fff9009    0xc  Code  Gb  LPLD_Template.o [1]
printf                  0x1fff88ef   0x1e  Code  Gb  printf.o [1]
printk                  0x1fff8525  0x3ca  Code  Gb  printf.o [1]
printk_mknumstr         0x1fff8479   0x70  Code  Lc  printf.o [1]
printk_pad_space        0x1fff8507   0x1e  Code  Lc  printf.o [1]
printk_pad_zero         0x1fff84e9   0x1e  Code  Lc  printf.o [1]
printk_putc             0x1fff844d   0x2c  Code  Lc  printf.o [1]
r1                      0x1fffa914    0xc  Data  Gb  LPLD_Template.o [1]
r2                      0x1fffa920    0x8  Data  Gb  LPLD_Template.o [1]
r3                      0x1fffa928    0x4  Data  Gb  LPLD_Template.o [1]
r4                      0x1fffa92c    0x4  Data  Gb  LPLD_Template.o [1]
resGetUID               0x1fffaacd    0x1  Data  Lc  LPLD_Template.o [1]
rfidBuf                 0x1fffa988  0x104  Data  Lc  UP_UART2Parser.o [1]
scan_infrared           0x1fff966d  0x124  Code  Gb  function.o [1]
scan_switch             0x1fff97a1   0x6c  Code  Gb  function.o [1]
start                   0x1fff894d   0xba  Code  Gb  start.o [1]
strlen                  0x1fff8911   0x1a  Code  Gb  stdlib.o [1]
sysinit                 0x1fff8e85   0x78  Code  Gb  sysinit.o [1]
tmpUID                  0x1fffa930    0x4  Data  Lc  LPLD_Template.o [1]
trace_clk_init          0x1fff8efd   0x16  Code  Gb  sysinit.o [1]
uart1_recv_isr          0x1fff9025   0x10  Code  Gb  LPLD_Template.o [1]
uart2_recv_isr          0x1fff9035   0x10  Code  Gb  LPLD_Template.o [1]
uart5_recv_isr          0x1fff9045   0x10  Code  Gb  LPLD_Template.o [1]
uart_init               0x1fff9339   0xcc  Code  Gb  uart.o [1]
uart_putchar            0x1fff9421    0xa  Code  Gb  uart.o [1]
wdog_disable            0x1fff8db1   0x16  Code  Gb  wdog.o [1]
wdog_unlock             0x1fff8dc9   0x16  Code  Gb  wdog.o [1]
write_vtor              0x1fff9055    0x6  Code  Gb  arm_cm4.o [1]


[1] = D:\中国机器人大赛\robot_project\project\LPLD_Template\iar\RAM\Obj
[2] = command line
[3] = dl7M_tln.a
[4] = rt7M_tl.a
[5] = shb_l.a

  7 778 bytes of readonly  code memory
     76 bytes of readwrite code memory
  2 524 bytes of readonly  data memory
    586 bytes of readwrite data memory

Errors: none
Warnings: none
